To honour the JVM settings for this build a single-use Daemon process will be forked. For more on this, please refer to https://docs.gradle.org/8.14.3/userguide/gradle_daemon.html#sec:disabling_the_daemon in the Gradle documentation.
Daemon will be stopped at the end of the build 
Reusing configuration cache.
> Task :createMinecraftArtifacts UP-TO-DATE

> Task :compileJava
.\gradlew : G:\modtest\UselessMod\src\main\java\com\sorrowmist\useless\content\
blockentities\AdvancedAlloyFurnaceBlockEntity.java:347: 閿欒: 鏃犳硶灏嗙被 ManagedGrid
Node涓殑鏋勯€犲櫒 ManagedGridNode搴旂敤鍒扮粰瀹氱被鍨?
所在位置 行:1 字符: 31
+ ... g:\modtest\UselessMod; .\gradlew compileJava --no-daemon 2>&1 | Out-F ...
+                            ~~~~~~~~~~~~~~~~~~~~~~~~~~~~~~~~~~~~~~
    + CategoryInfo          : NotSpecified: (G:\modtest\Usel...Node搴旂敤鍒扮粰瀹氱被鍨? 
   :String) [], RemoteException
    + FullyQualifiedErrorId : NativeCommandError
 
        this.mainNode = new ManagedGridNode(
                        ^
  闇€瑕? T,IGridNodeListener<? super T>
  鎵惧埌:    AdvancedAlloyFurnaceBlockEntity,BlockEntityNodeListener<IGridConnecte
dBlockEntity>
  鍘熷洜: 鎺ㄨ鍙橀噺 T 鍏锋湁涓嶅吋瀹圭殑涓婇檺
    涓婇檺锛欼GridConnectedBlockEntity,Object
    涓嬮檺锛欰dvancedAlloyFurnaceBlockEntity
  鍏朵腑, T鏄被鍨嬪彉閲?
    T鎵╁睍宸插湪鏋勯€犲櫒 <T>ManagedGridNode(T,IGridNodeListener<? super T>)涓０鏄庣殑Object
G:\modtest\UselessMod\src\main\java\com\sorrowmist\useless\content\blockentitie
s\AdvancedAlloyFurnaceBlockEntity.java:2083: 閿欒: 鏂规硶涓嶄細瑕嗙洊鎴栧疄鐜拌秴绫诲瀷鐨勬柟娉?    @O
verride
    ^
G:\modtest\UselessMod\src\main\java\com\sorrowmist\useless\content\blockentitie
s\AdvancedAlloyFurnaceBlockEntity.java:2196: 閿欒: 鎵句笉鍒扮鍙?                     
   ItemStack outputStack = output.createItemStack();
                                                      ^
  绗﹀彿:   鏂规硶 createItemStack()
  浣嶇疆: 绫诲瀷涓篏enericStack鐨勫彉閲?output
3 涓敊璇?

> Task :compileJava FAILED

[Incubating] Problems report is available at: file:///G:/modtest/UselessMod/build/reports/problems/problems-report.html

FAILURE: Build failed with an exception.

* What went wrong:
Execution failed for task ':compileJava'.
> Compilation failed; see the compiler output below.
  G:\modtest\UselessMod\src\main\java\com\sorrowmist\useless\content\blockentit
ies\AdvancedAlloyFurnaceBlockEntity.java:347: 閿欒: 鏃犳硶灏嗙被 ManagedGridNode涓殑鏋勯€
犲櫒 ManagedGridNode搴旂敤鍒扮粰瀹氱被鍨?
          this.mainNode = new ManagedGridNode(
                          ^
    闇€瑕? T,IGridNodeListener<? super T>
    鎵惧埌:    AdvancedAlloyFurnaceBlockEntity,BlockEntityNodeListener<IGridConnec
tedBlockEntity>
    鍘熷洜: 鎺ㄨ鍙橀噺 T 鍏锋湁涓嶅吋瀹圭殑涓婇檺
      涓婇檺锛欼GridConnectedBlockEntity,Object
      涓嬮檺锛欰dvancedAlloyFurnaceBlockEntity
    鍏朵腑, T鏄被鍨嬪彉閲?
      T鎵╁睍宸插湪鏋勯€犲櫒 <T>ManagedGridNode(T,IGridNodeListener<? super T>)涓０鏄庣殑Obje
ct
  G:\modtest\UselessMod\src\main\java\com\sorrowmist\useless\content\blockentit
ies\AdvancedAlloyFurnaceBlockEntity.java:2083: 閿欒: 鏂规硶涓嶄細瑕嗙洊鎴栧疄鐜拌秴绫诲瀷鐨勬柟娉?    
  @Override
      ^
  G:\modtest\UselessMod\src\main\java\com\sorrowmist\useless\content\blockentit
ies\AdvancedAlloyFurnaceBlockEntity.java:2196: 閿欒: 鎵句笉鍒扮鍙?                   
       ItemStack outputStack = output.createItemStack();
                                                        ^
    绗﹀彿:   鏂规硶 createItemStack()
    浣嶇疆: 绫诲瀷涓篏enericStack鐨勫彉閲?output
  3 涓敊璇?

* Try:
> Check your code and dependencies to fix the compilation error(s)
> Run with --scan to get full insights.

BUILD FAILED in 6s
2 actionable tasks: 1 executed, 1 up-to-date
Configuration cache entry reused.
